// Jest Snapshot v1, https://goo.gl/fbAQLP

exports[`Pruebas en <GifExpertApp/> debe de tener los elementos primarios renderizados 1`] = `
<div>
  <h1>
    GitExpertApp
  </h1>
  <form
    aria-label="form"
  >
    <input
      placeholder="Search for GIFs"
      type="text"
      value=""
    />
  </form>
  <h3 />
  <h2>
    Cargando...
  </h2>
  <div
    class="card-grid"
  />
</div>
`;
